"""
Generated by qenerate plugin=pydantic_v1. DO NOT MODIFY MANUALLY!
"""
from pathlib import Path  # noqa: F401 # pylint: disable=W0611
from typing import Optional, Union  # noqa: F401 # pylint: disable=W0611

from pydantic import (  # noqa: F401 # pylint: disable=W0611
    BaseModel,
    Extra,
    Field,
    Json,
)


def query_string() -> str:
    with open(f"{Path(__file__).parent}/simple_fragment.gql", "r") as f:
        return f.read()


class VaultSecret(BaseModel):
    path: str = Field(..., alias="path")
    field: str = Field(..., alias="field")
    version: Optional[int] = Field(..., alias="version")
    q_format: Optional[str] = Field(..., alias="format")

    class Config:
        smart_union = True
        extra = Extra.forbid
