"""
Generated by qenerate plugin=pydantic_v1. DO NOT MODIFY MANUALLY!
"""
from typing import Optional, Union  # noqa: F401 # pylint: disable=W0611

from pydantic import (  # noqa: F401 # pylint: disable=W0611
    BaseModel,
    Extra,
    Field,
    Json,
)
from my.package import Jumphost


QUERY: str = """
query OCPAuthFull {
  ocp_release_mirror: ocp_release_mirror_v1 {
    hiveCluster {
      jumpHost {
        ... Jumphost
      }
    }
  }
}

fragment Jumphost on ClusterJumpHost_v1 {
    hostname
    knownHosts
    user
    port
    identity {
        path
        field
        version
        format
    }
}
"""


class ClusterV1(BaseModel):
    jump_host: Jumphost = Field(..., alias="jumpHost")

    class Config:
        smart_union = True
        extra = Extra.forbid


class OcpReleaseMirrorV1(BaseModel):
    hive_cluster: ClusterV1 = Field(..., alias="hiveCluster")

    class Config:
        smart_union = True
        extra = Extra.forbid


class OCPAuthFullQueryData(BaseModel):
    ocp_release_mirror: Optional[list[OcpReleaseMirrorV1]] = Field(..., alias="ocp_release_mirror")

    class Config:
        smart_union = True
        extra = Extra.forbid
