"""
Generated by qenerate plugin=pydantic_v1. DO NOT MODIFY MANUALLY!
"""
from typing import Optional, Union  # noqa: F401 # pylint: disable=W0611

from pydantic import (  # noqa: F401 # pylint: disable=W0611
    BaseModel,
    Extra,
    Field,
    Json,
)


class VaultSecret(BaseModel):
    path: str = Field(..., alias="path")
    field: str = Field(..., alias="field")
    version: Optional[int] = Field(..., alias="version")
    q_format: Optional[str] = Field(..., alias="format")

    class Config:
        smart_union = True
        extra = Extra.forbid


class VaultSecretPartial(BaseModel):
    path: str = Field(..., alias="path")
    field: str = Field(..., alias="field")

    class Config:
        smart_union = True
        extra = Extra.forbid


class TerraformECR(BaseModel):
    account: str = Field(..., alias="account")
    region: Optional[str] = Field(..., alias="region")
    identifier: str = Field(..., alias="identifier")

    class Config:
        smart_union = True
        extra = Extra.forbid


class ClusterAuth(BaseModel):
    service: str = Field(..., alias="service")

    class Config:
        smart_union = True
        extra = Extra.forbid


class GithubOrg(BaseModel):
    org: str = Field(..., alias="org")
    team: str = Field(..., alias="team")

    class Config:
        smart_union = True
        extra = Extra.forbid


class GithubOrgPartial(BaseModel):
    org: str = Field(..., alias="org")

    class Config:
        smart_union = True
        extra = Extra.forbid
