"""
Generated by qenerate plugin=pydantic_v1. DO NOT MODIFY MANUALLY!
"""
from typing import Optional, Union  # noqa: F401 # pylint: disable=W0611

from pydantic import (  # noqa: F401 # pylint: disable=W0611
    BaseModel,
    Extra,
    Field,
    Json,
)
from my.package import GithubOrg


QUERY: str = """
query OCPAuthFull {
  ocp_release_mirror: ocp_release_mirror_v1 {
    hiveCluster {
      auth {
        ... on ClusterAuthGithubOrg_v1 {
          org
        }
        ... on ClusterAuthGithubOrgTeam_v1 {
          ... GithubOrg
        }
      }
    }
  }
}

fragment GithubOrg on ClusterAuthGithubOrgTeam_v1 {
    org
    team
}
"""


class ClusterAuthV1(BaseModel):

    class Config:
        smart_union = True
        extra = Extra.forbid


class ClusterAuthGithubOrgV1(ClusterAuthV1):
    org: str = Field(..., alias="org")

    class Config:
        smart_union = True
        extra = Extra.forbid


class ClusterV1(BaseModel):
    auth: Optional[Union[ClusterAuthGithubOrgV1, GithubOrg, ClusterAuthV1]] = Field(..., alias="auth")

    class Config:
        smart_union = True
        extra = Extra.forbid


class OcpReleaseMirrorV1(BaseModel):
    hive_cluster: ClusterV1 = Field(..., alias="hiveCluster")

    class Config:
        smart_union = True
        extra = Extra.forbid


class OCPAuthFullQueryData(BaseModel):
    ocp_release_mirror: Optional[list[OcpReleaseMirrorV1]] = Field(..., alias="ocp_release_mirror")

    class Config:
        smart_union = True
        extra = Extra.forbid
