"""
Generated by qenerate plugin=pydantic_v1. DO NOT MODIFY MANUALLY!
"""
from typing import Optional, Union  # noqa: F401 # pylint: disable=W0611

from pydantic import (  # noqa: F401 # pylint: disable=W0611
    BaseModel,
    Extra,
    Field,
    Json,
)
from my.package import VaultSecretPartial


QUERY: str = """
query AWSAccountsByName ($name: String!) {
  accounts: awsaccounts_v1 (name: $name)
  {
    automationToken {
      ... VaultSecretPartial
      version
      format
    }
  }
}

fragment VaultSecretPartial on VaultSecret_v1 {
    path
    field
}
"""


class VaultSecretV1(VaultSecretPartial):
    version: Optional[int] = Field(..., alias="version")
    q_format: Optional[str] = Field(..., alias="format")

    class Config:
        smart_union = True
        extra = Extra.forbid


class AWSAccountV1(BaseModel):
    automation_token: VaultSecretV1 = Field(..., alias="automationToken")

    class Config:
        smart_union = True
        extra = Extra.forbid


class AWSAccountsByNameQueryData(BaseModel):
    accounts: Optional[list[AWSAccountV1]] = Field(..., alias="accounts")

    class Config:
        smart_union = True
        extra = Extra.forbid
