"""
Generated by qenerate plugin=pydantic_v1. DO NOT MODIFY MANUALLY!
"""
from collections.abc import Callable  # noqa: F401 # pylint: disable=W0611
from datetime import datetime  # noqa: F401 # pylint: disable=W0611
from enum import Enum  # noqa: F401 # pylint: disable=W0611
from typing import (  # noqa: F401 # pylint: disable=W0611
    Any,
    Optional,
    Union,
)

from pydantic import (  # noqa: F401 # pylint: disable=W0611
    BaseModel,
    Extra,
    Field,
    Json,
    root_validator,
)


class ConfiguredBaseModel(BaseModel):
    @root_validator(pre=True)
    def remove_empty(cls, values: dict):
        fields = list(values.keys())
        for field in fields:
            value = values[field]
            if isinstance(value, dict):
                if not values[field]:
                    values[field] = None
        return values

    class Config:
        smart_union=True
        extra=Extra.forbid


class VaultSecret(ConfiguredBaseModel):
    path: str = Field(..., alias="path")
    field: str = Field(..., alias="field")
    version: Optional[int] = Field(..., alias="version")
    q_format: Optional[str] = Field(..., alias="format")
