"""
Generated by qenerate plugin=pydantic_v1. DO NOT MODIFY MANUALLY!
"""
from collections.abc import Callable  # noqa: F401 # pylint: disable=W0611
from datetime import datetime  # noqa: F401 # pylint: disable=W0611
from enum import Enum  # noqa: F401 # pylint: disable=W0611
from typing import (  # noqa: F401 # pylint: disable=W0611
    Any,
    Optional,
    Union,
)

from pydantic import (  # noqa: F401 # pylint: disable=W0611
    BaseModel,
    Extra,
    Field,
    Json,
)


DEFINITION = """
mutation AddComment {
  addComment(input: {subjectId: "", body: ""}) {
    subject {
      ... on Topic {
        id
        name
      }
      ... on User {
        id
        email
      }
    }
  }
}

"""


class Node(BaseModel):

    class Config:
        smart_union = True
        extra = Extra.forbid


class Topic(Node):
    q_id: str = Field(..., alias="id")
    name: str = Field(..., alias="name")

    class Config:
        smart_union = True
        extra = Extra.forbid


class User(Node):
    q_id: str = Field(..., alias="id")
    email: str = Field(..., alias="email")

    class Config:
        smart_union = True
        extra = Extra.forbid


class AddCommentPayload(BaseModel):
    subject: Optional[Union[Topic, User, Node]] = Field(..., alias="subject")

    class Config:
        smart_union = True
        extra = Extra.forbid


class AddCommentQueryData(BaseModel):
    add_comment: Optional[AddCommentPayload] = Field(..., alias="addComment")

    class Config:
        smart_union = True
        extra = Extra.forbid


def query(query_func: Callable, **kwargs: Any) -> AddCommentQueryData:
    """
    This is a convenience function which queries and parses the data into
    concrete types. It should be compatible with most GQL clients.
    You do not have to use it to consume the generated data classes.
    Alternatively, you can also mime and alternate the behavior
    of this function in the caller.

    Parameters:
        query_func (Callable): Function which queries your GQL Server
        kwargs: optional arguments that will be passed to the query function

    Returns:
        AddCommentQueryData: queried data parsed into generated classes
    """
    raw_data: dict[Any, Any] = query_func(DEFINITION, **kwargs)
    return AddCommentQueryData(**raw_data)
