"""
Generated by qenerate plugin=pydantic_v1. DO NOT MODIFY MANUALLY!
"""
from collections.abc import Callable  # noqa: F401 # pylint: disable=W0611
from datetime import datetime  # noqa: F401 # pylint: disable=W0611
from enum import Enum  # noqa: F401 # pylint: disable=W0611
from typing import (  # noqa: F401 # pylint: disable=W0611
    Any,
    Optional,
    Union,
)

from pydantic import (  # noqa: F401 # pylint: disable=W0611
    BaseModel,
    Extra,
    Field,
    Json,
)


class ConfiguredBaseModel(BaseModel):
    class Config:
        smart_union=True
        extra=Extra.forbid


class DisableClusterAutomationsV1(ConfiguredBaseModel):
    integrations: Optional[list[Optional[str]]] = Field(..., alias="integrations")


class ClusterV1(ConfiguredBaseModel):
    name: str = Field(..., alias="name")
    internal: Optional[bool] = Field(..., alias="internal")
    disable: Optional[DisableClusterAutomationsV1] = Field(..., alias="disable")


class NamespaceProtocol(ConfiguredBaseModel):
    name: str = Field(..., alias="name")
    cluster_admin: Optional[bool] = Field(..., alias="clusterAdmin")
    cluster: ClusterV1 = Field(..., alias="cluster")
