"""
Generated by qenerate plugin=pydantic_v1. DO NOT MODIFY MANUALLY!
"""
from collections.abc import Callable  # noqa: F401 # pylint: disable=W0611
from datetime import datetime  # noqa: F401 # pylint: disable=W0611
from enum import Enum  # noqa: F401 # pylint: disable=W0611
from typing import (  # noqa: F401 # pylint: disable=W0611
    Any,
    Optional,
    Union,
)

from pydantic import (  # noqa: F401 # pylint: disable=W0611
    BaseModel,
    Extra,
    Field,
    Json,
)

from tests.generator.definitions.merge_fragments.namespace_protocol_fragment import (
    NamespaceProtocol,
    ClusterV1 as NamespaceProtocolClusterV1,
    DisableClusterAutomationsV1 as NamespaceProtocolDisableClusterAutomationsV1
)


DEFINITION = """
fragment NamespaceProtocol on Namespace_v1 {
    name
    clusterAdmin
    cluster {
      name
      internal
      disable {
        integrations
      }
    }
}


query NamespacesMinimal {
  namespaces: namespaces_v1 {
    ... NamespaceProtocol
    delete
    labels
    cluster {
      serverUrl
      insecureSkipTLSVerify
      disable {
        e2eTests
      }
    }
  }
}

"""


class ConfiguredBaseModel(BaseModel):
    class Config:
        smart_union=True
        extra=Extra.forbid


class DisableClusterAutomationsV1(NamespaceProtocolDisableClusterAutomationsV1):
    e2e_tests: Optional[list[Optional[str]]] = Field(..., alias="e2eTests")


class ClusterV1(NamespaceProtocolClusterV1):
    server_url: str = Field(..., alias="serverUrl")
    insecure_skip_tls_verify: Optional[bool] = Field(..., alias="insecureSkipTLSVerify")
    disable: Optional[DisableClusterAutomationsV1] = Field(..., alias="disable")


class NamespaceV1(NamespaceProtocol):
    delete: Optional[bool] = Field(..., alias="delete")
    labels: Optional[Json] = Field(..., alias="labels")
    cluster: ClusterV1 = Field(..., alias="cluster")


class NamespacesMinimalQueryData(ConfiguredBaseModel):
    namespaces: Optional[list[Optional[NamespaceV1]]] = Field(..., alias="namespaces")


def query(query_func: Callable, **kwargs: Any) -> NamespacesMinimalQueryData:
    """
    This is a convenience function which queries and parses the data into
    concrete types. It should be compatible with most GQL clients.
    You do not have to use it to consume the generated data classes.
    Alternatively, you can also mime and alternate the behavior
    of this function in the caller.

    Parameters:
        query_func (Callable): Function which queries your GQL Server
        kwargs: optional arguments that will be passed to the query function

    Returns:
        NamespacesMinimalQueryData: queried data parsed into generated classes
    """
    raw_data: dict[Any, Any] = query_func(DEFINITION, **kwargs)
    return NamespacesMinimalQueryData(**raw_data)
