"""
Generated by qenerate plugin=pydantic_v1. DO NOT MODIFY MANUALLY!
"""
from enum import Enum  # noqa: F401 # pylint: disable=W0611
from typing import (  # noqa: F401 # pylint: disable=W0611
    Any,
    Callable,
    Optional,
    Union,
)

from pydantic import (  # noqa: F401 # pylint: disable=W0611
    BaseModel,
    Extra,
    Field,
    Json,
)


DEFINITION = """
query SLODocuments {
  slo_documents: slo_document_v1 {
    slos {
      name
      expr
      SLIType
      SLOParameters {
        window
      }
      SLOTarget
      SLOTargetUnit
    }
  }
}

"""


class SLODocumentSLOSLOParametersV1(BaseModel):
    window: str = Field(..., alias="window")

    class Config:
        smart_union = True
        extra = Extra.forbid


class SLODocumentSLOV1(BaseModel):
    name: str = Field(..., alias="name")
    expr: str = Field(..., alias="expr")
    sli_type: str = Field(..., alias="SLIType")
    slo_parameters: SLODocumentSLOSLOParametersV1 = Field(..., alias="SLOParameters")
    slo_target: float = Field(..., alias="SLOTarget")
    slo_target_unit: str = Field(..., alias="SLOTargetUnit")

    class Config:
        smart_union = True
        extra = Extra.forbid


class SLODocumentV1(BaseModel):
    slos: Optional[list[Optional[SLODocumentSLOV1]]] = Field(..., alias="slos")

    class Config:
        smart_union = True
        extra = Extra.forbid


class SLODocumentsQueryData(BaseModel):
    slo_documents: Optional[list[Optional[SLODocumentV1]]] = Field(..., alias="slo_documents")

    class Config:
        smart_union = True
        extra = Extra.forbid


def query(query_func: Callable, **kwargs: Any) -> SLODocumentsQueryData:
    """
    This is a convenience function which queries and parses the data into
    concrete types. It should be compatible with most GQL clients.
    You do not have to use it to consume the generated data classes.
    Alternatively, you can also mime and alternate the behavior
    of this function in the caller.

    Parameters:
        query_func (Callable): Function which queries your GQL Server
        kwargs: optional arguments that will be passed to the query function

    Returns:
        SLODocumentsQueryData: queried data parsed into generated classes
    """
    raw_data: dict[Any, Any] = query_func(DEFINITION, **kwargs)
    return SLODocumentsQueryData(**raw_data)
