"""
Generated by qenerate plugin=pydantic_v1. DO NOT MODIFY MANUALLY!
"""
from typing import (  # noqa: F401 # pylint: disable=W0611
    Any,
    Callable,
    Optional,
    Union,
)

from pydantic import (  # noqa: F401 # pylint: disable=W0611
    BaseModel,
    Extra,
    Field,
    Json,
)


DEFINITION = """
query DifficultAttributeName {
  app_interface_settings_v1{
    pushGatewayCluster{
      elbFQDN
    }
  }
}

"""


class ClusterV1(BaseModel):
    elb_fqdn: str = Field(..., alias="elbFQDN")

    class Config:
        smart_union = True
        extra = Extra.forbid


class AppInterfaceSettingsV1(BaseModel):
    push_gateway_cluster: Optional[ClusterV1] = Field(..., alias="pushGatewayCluster")

    class Config:
        smart_union = True
        extra = Extra.forbid


class DifficultAttributeNameQueryData(BaseModel):
    app_interface_settings_v1: Optional[list[Optional[AppInterfaceSettingsV1]]] = Field(..., alias="app_interface_settings_v1")

    class Config:
        smart_union = True
        extra = Extra.forbid


def query(query_func: Callable, **kwargs) -> DifficultAttributeNameQueryData:
    """
    This is a convenience function which queries and parses the data into
    concrete types. It should be compatible with most GQL clients.
    You do not have to use it to consume the generated data classes.
    Alternatively, you can also mime and alternate the behavior
    of this function in the caller.

    Parameters:
        query_func (Callable): Function which queries your GQL Server
        kwargs: optional arguments that will be passed to the query function

    Returns:
        DifficultAttributeNameQueryData: queried data parsed into generated classes
    """
    raw_data: dict[Any, Any] = query_func(DEFINITION, **kwargs)
    return DifficultAttributeNameQueryData(**raw_data)
