"""
Generated by qenerate plugin=pydantic_v1. DO NOT MODIFY MANUALLY!
"""
from collections.abc import Callable  # noqa: F401 # pylint: disable=W0611
from datetime import datetime  # noqa: F401 # pylint: disable=W0611
from enum import Enum  # noqa: F401 # pylint: disable=W0611
from typing import (  # noqa: F401 # pylint: disable=W0611
    Any,
    Optional,
    Union,
)

from pydantic import (  # noqa: F401 # pylint: disable=W0611
    BaseModel,
    Extra,
    Field,
    Json,
)


DEFINITION = """
query SaasFilesWithEnum {
  apps_v1 {
    saasFiles {
      pipelinesProvider {
        labels
      }
    }
  }
}

"""


class PipelinesProviderV1(BaseModel):
    labels: Optional[Json] = Field(..., alias="labels")

    class Config:
        smart_union = True
        extra = Extra.forbid


class SaasFileV2(BaseModel):
    pipelines_provider: PipelinesProviderV1 = Field(..., alias="pipelinesProvider")

    class Config:
        smart_union = True
        extra = Extra.forbid


class AppV1(BaseModel):
    saas_files: Optional[list[Optional[SaasFileV2]]] = Field(..., alias="saasFiles")

    class Config:
        smart_union = True
        extra = Extra.forbid


class SaasFilesWithEnumQueryData(BaseModel):
    apps_v1: Optional[list[Optional[AppV1]]] = Field(..., alias="apps_v1")

    class Config:
        smart_union = True
        extra = Extra.forbid


def query(query_func: Callable, **kwargs: Any) -> SaasFilesWithEnumQueryData:
    """
    This is a convenience function which queries and parses the data into
    concrete types. It should be compatible with most GQL clients.
    You do not have to use it to consume the generated data classes.
    Alternatively, you can also mime and alternate the behavior
    of this function in the caller.

    Parameters:
        query_func (Callable): Function which queries your GQL Server
        kwargs: optional arguments that will be passed to the query function

    Returns:
        SaasFilesWithEnumQueryData: queried data parsed into generated classes
    """
    raw_data: dict[Any, Any] = query_func(DEFINITION, **kwargs)
    return SaasFilesWithEnumQueryData(**raw_data)
