"""
Generated by qenerate plugin=pydantic_v1. DO NOT MODIFY MANUALLY!
"""
from enum import Enum  # noqa: F401 # pylint: disable=W0611
from typing import (  # noqa: F401 # pylint: disable=W0611
    Any,
    Callable,
    Optional,
    Union,
)

from pydantic import (  # noqa: F401 # pylint: disable=W0611
    BaseModel,
    Extra,
    Field,
    Json,
)


DEFINITION = """
query SaasFilesSimple {
  apps_v1 {
    saasFiles {
      name
      pipelinesProvider {
        name
      }
    }
  }
}

"""


class PipelinesProviderV1(BaseModel):
    name: str = Field(..., alias="name")

    class Config:
        smart_union = True
        extra = Extra.forbid


class SaasFileV2(BaseModel):
    name: str = Field(..., alias="name")
    pipelines_provider: PipelinesProviderV1 = Field(..., alias="pipelinesProvider")

    class Config:
        smart_union = True
        extra = Extra.forbid


class AppV1(BaseModel):
    saas_files: Optional[list[Optional[SaasFileV2]]] = Field(..., alias="saasFiles")

    class Config:
        smart_union = True
        extra = Extra.forbid


class SaasFilesSimpleQueryData(BaseModel):
    apps_v1: Optional[list[Optional[AppV1]]] = Field(..., alias="apps_v1")

    class Config:
        smart_union = True
        extra = Extra.forbid


def query(query_func: Callable, **kwargs) -> SaasFilesSimpleQueryData:
    """
    This is a convenience function which queries and parses the data into
    concrete types. It should be compatible with most GQL clients.
    You do not have to use it to consume the generated data classes.
    Alternatively, you can also mime and alternate the behavior
    of this function in the caller.

    Parameters:
        query_func (Callable): Function which queries your GQL Server
        kwargs: optional arguments that will be passed to the query function

    Returns:
        SaasFilesSimpleQueryData: queried data parsed into generated classes
    """
    raw_data: dict[Any, Any] = query_func(DEFINITION, **kwargs)
    return SaasFilesSimpleQueryData(**raw_data)
