"""
Generated by qenerate plugin=pydantic_v1. DO NOT MODIFY MANUALLY!
"""
from collections.abc import Callable  # noqa: F401 # pylint: disable=W0611
from datetime import datetime  # noqa: F401 # pylint: disable=W0611
from enum import Enum  # noqa: F401 # pylint: disable=W0611
from typing import (  # noqa: F401 # pylint: disable=W0611
    Any,
    Optional,
    Union,
)

from pydantic import (  # noqa: F401 # pylint: disable=W0611
    BaseModel,
    Extra,
    Field,
    Json,
)

from tests.generator.definitions.fragments.nested_fragment import CommonJumphostFields


DEFINITION = """
fragment CommonJumphostFields on ClusterJumpHost_v1 {
  hostname
  knownHosts
  user
  port
  identity {
    ... VaultSecret
  }
}


fragment VaultSecret on VaultSecret_v1 {
    path
    field
    version
    format
}


query ClustersMinimal {
  clusters_v1 {
    name
    jumpHost {
      ... CommonJumphostFields
    }
  }
}

"""


class ConfiguredBaseModel(BaseModel):
    class Config:
        smart_union=True
        extra=Extra.forbid
        allow_population_by_field_name=True


class ClusterV1(ConfiguredBaseModel):
    name: str = Field(..., alias="name")
    jump_host: Optional[CommonJumphostFields] = Field(..., alias="jumpHost")


class ClustersMinimalQueryData(ConfiguredBaseModel):
    clusters_v1: Optional[list[Optional[ClusterV1]]] = Field(..., alias="clusters_v1")


def query(query_func: Callable, **kwargs: Any) -> ClustersMinimalQueryData:
    """
    This is a convenience function which queries and parses the data into
    concrete types. It should be compatible with most GQL clients.
    You do not have to use it to consume the generated data classes.
    Alternatively, you can also mime and alternate the behavior
    of this function in the caller.

    Parameters:
        query_func (Callable): Function which queries your GQL Server
        kwargs: optional arguments that will be passed to the query function

    Returns:
        ClustersMinimalQueryData: queried data parsed into generated classes
    """
    raw_data: dict[Any, Any] = query_func(DEFINITION, **kwargs)
    return ClustersMinimalQueryData(**raw_data)
