"""
Generated by qenerate plugin=pydantic_v1. DO NOT MODIFY MANUALLY!
"""
from collections.abc import Callable  # noqa: F401 # pylint: disable=W0611
from datetime import datetime  # noqa: F401 # pylint: disable=W0611
from enum import Enum  # noqa: F401 # pylint: disable=W0611
from typing import (  # noqa: F401 # pylint: disable=W0611
    Any,
    Optional,
    Union,
)

from pydantic import (  # noqa: F401 # pylint: disable=W0611
    BaseModel,
    Extra,
    Field,
    Json,
    root_validator,
)


DEFINITION = """
query EnumerateCollisions {
  clusters: clusters_v1 {
    name
    spec {
      private
    }
    internal
    peering {
      connections {
        provider
        ... on ClusterPeeringConnectionClusterRequester_v1 {
          cluster {
            name
            spec {
              private
            }
            internal
          }
        }
        ... on ClusterPeeringConnectionClusterAccepter_v1 {
          cluster {
            name
            spec {
              private
            }
            internal
          }
        }
      }
    }
  }
}

"""


class ConfiguredBaseModel(BaseModel):
    class Config:
        smart_union=True
        extra=Extra.forbid


class ClusterSpecV1(ConfiguredBaseModel):
    private: bool = Field(..., alias="private")


class ClusterPeeringConnectionV1(ConfiguredBaseModel):
    provider: str = Field(..., alias="provider")


class ClusterSpecV1__2(ConfiguredBaseModel):
    private: bool = Field(..., alias="private")


class ClusterV1__2(ConfiguredBaseModel):
    name: str = Field(..., alias="name")
    spec: Optional[ClusterSpecV1__2] = Field(..., alias="spec")
    internal: Optional[bool] = Field(..., alias="internal")


class ClusterPeeringConnectionClusterRequesterV1(ClusterPeeringConnectionV1):
    cluster: ClusterV1__2 = Field(..., alias="cluster")


class ClusterSpecV1__3(ConfiguredBaseModel):
    private: bool = Field(..., alias="private")


class ClusterV1__3(ConfiguredBaseModel):
    name: str = Field(..., alias="name")
    spec: Optional[ClusterSpecV1__3] = Field(..., alias="spec")
    internal: Optional[bool] = Field(..., alias="internal")


class ClusterPeeringConnectionClusterAccepterV1(ClusterPeeringConnectionV1):
    cluster: ClusterV1__3 = Field(..., alias="cluster")


class ClusterPeeringV1(ConfiguredBaseModel):
    connections: Optional[list[Union[ClusterPeeringConnectionClusterRequesterV1, ClusterPeeringConnectionClusterAccepterV1, ClusterPeeringConnectionV1]]] = Field(..., alias="connections")


class ClusterV1(ConfiguredBaseModel):
    name: str = Field(..., alias="name")
    spec: Optional[ClusterSpecV1] = Field(..., alias="spec")
    internal: Optional[bool] = Field(..., alias="internal")
    peering: Optional[ClusterPeeringV1] = Field(..., alias="peering")


class EnumerateCollisionsQueryData(ConfiguredBaseModel):
    clusters: Optional[list[Optional[ClusterV1]]] = Field(..., alias="clusters")


def query(query_func: Callable, **kwargs: Any) -> EnumerateCollisionsQueryData:
    """
    This is a convenience function which queries and parses the data into
    concrete types. It should be compatible with most GQL clients.
    You do not have to use it to consume the generated data classes.
    Alternatively, you can also mime and alternate the behavior
    of this function in the caller.

    Parameters:
        query_func (Callable): Function which queries your GQL Server
        kwargs: optional arguments that will be passed to the query function

    Returns:
        EnumerateCollisionsQueryData: queried data parsed into generated classes
    """
    raw_data: dict[Any, Any] = query_func(DEFINITION, **kwargs)
    return EnumerateCollisionsQueryData(**raw_data)
