"""
Generated by qenerate plugin=pydantic_v1. DO NOT MODIFY MANUALLY!
"""
from collections.abc import Callable  # noqa: F401 # pylint: disable=W0611
from datetime import datetime  # noqa: F401 # pylint: disable=W0611
from enum import Enum  # noqa: F401 # pylint: disable=W0611
from typing import (  # noqa: F401 # pylint: disable=W0611
    Any,
    Optional,
    Union,
)

from pydantic import (  # noqa: F401 # pylint: disable=W0611
    BaseModel,
    Extra,
    Field,
    Json,
)


DEFINITION = """
query OCPWithInterface {
  ocp_release_mirror: ocp_release_mirror_v1 {
    hiveCluster {
      auth {
        ... on ClusterAuthGithubOrg_v1 {
          org
        }
        ... on ClusterAuthGithubOrgTeam_v1 {
          org
          team
        }
      }
    }
  }
}

"""


class BaseModelWithConfig(BaseModel):
    class Config:
        smart_union=True
        extra=Extra.forbid


class ClusterAuthV1(BaseModelWithConfig):
    ...


class ClusterAuthGithubOrgV1(ClusterAuthV1):
    org: str = Field(..., alias="org")


class ClusterAuthGithubOrgTeamV1(ClusterAuthV1):
    org: str = Field(..., alias="org")
    team: str = Field(..., alias="team")


class ClusterV1(BaseModelWithConfig):
    auth: Optional[Union[ClusterAuthGithubOrgTeamV1, ClusterAuthGithubOrgV1, ClusterAuthV1]] = Field(..., alias="auth")


class OcpReleaseMirrorV1(BaseModelWithConfig):
    hive_cluster: ClusterV1 = Field(..., alias="hiveCluster")


class OCPWithInterfaceQueryData(BaseModelWithConfig):
    ocp_release_mirror: Optional[list[Optional[OcpReleaseMirrorV1]]] = Field(..., alias="ocp_release_mirror")


def query(query_func: Callable, **kwargs: Any) -> OCPWithInterfaceQueryData:
    """
    This is a convenience function which queries and parses the data into
    concrete types. It should be compatible with most GQL clients.
    You do not have to use it to consume the generated data classes.
    Alternatively, you can also mime and alternate the behavior
    of this function in the caller.

    Parameters:
        query_func (Callable): Function which queries your GQL Server
        kwargs: optional arguments that will be passed to the query function

    Returns:
        OCPWithInterfaceQueryData: queried data parsed into generated classes
    """
    raw_data: dict[Any, Any] = query_func(DEFINITION, **kwargs)
    return OCPWithInterfaceQueryData(**raw_data)
