"""
Generated by qenerate plugin=pydantic_v1. DO NOT MODIFY MANUALLY!
"""
from typing import (  # noqa: F401 # pylint: disable=W0611
    Any,
    Callable,
    Optional,
    Union,
)

from pydantic import (  # noqa: F401 # pylint: disable=W0611
    BaseModel,
    Extra,
    Field,
    Json,
)


DEFINITION = """
query SaasFilesEnumerate {
  saas_files: saas_files_v2 {
    path
    name
    app {
      name
    }
    pipelinesProvider {
      name
      provider
      ...on PipelinesProviderTekton_v1 {
        namespace {
          name
          cluster {
            name
            jumpHost {
              identity {
                path
              }
            }
            automationToken {
              path
            }
            internal
            disable {
              integrations
            }
          }
        }
      }
    }
  }
}

"""


class AppV1(BaseModel):
    name: str = Field(..., alias="name")

    class Config:
        smart_union = True
        extra = Extra.forbid


class PipelinesProviderV1(BaseModel):
    name: str = Field(..., alias="name")
    provider: str = Field(..., alias="provider")

    class Config:
        smart_union = True
        extra = Extra.forbid


class VaultSecretV1(BaseModel):
    path: str = Field(..., alias="path")

    class Config:
        smart_union = True
        extra = Extra.forbid


class ClusterJumpHostV1(BaseModel):
    identity: VaultSecretV1 = Field(..., alias="identity")

    class Config:
        smart_union = True
        extra = Extra.forbid


class VaultSecretV1_2(BaseModel):
    path: str = Field(..., alias="path")

    class Config:
        smart_union = True
        extra = Extra.forbid


class DisableClusterAutomationsV1(BaseModel):
    integrations: Optional[list[Optional[str]]] = Field(..., alias="integrations")

    class Config:
        smart_union = True
        extra = Extra.forbid


class ClusterV1(BaseModel):
    name: str = Field(..., alias="name")
    jump_host: Optional[ClusterJumpHostV1] = Field(..., alias="jumpHost")
    automation_token: Optional[VaultSecretV1_2] = Field(..., alias="automationToken")
    internal: Optional[bool] = Field(..., alias="internal")
    disable: Optional[DisableClusterAutomationsV1] = Field(..., alias="disable")

    class Config:
        smart_union = True
        extra = Extra.forbid


class NamespaceV1(BaseModel):
    name: str = Field(..., alias="name")
    cluster: ClusterV1 = Field(..., alias="cluster")

    class Config:
        smart_union = True
        extra = Extra.forbid


class PipelinesProviderTektonV1(PipelinesProviderV1):
    namespace: NamespaceV1 = Field(..., alias="namespace")

    class Config:
        smart_union = True
        extra = Extra.forbid


class SaasFileV2(BaseModel):
    path: str = Field(..., alias="path")
    name: str = Field(..., alias="name")
    app: AppV1 = Field(..., alias="app")
    pipelines_provider: Union[PipelinesProviderTektonV1, PipelinesProviderV1] = Field(..., alias="pipelinesProvider")

    class Config:
        smart_union = True
        extra = Extra.forbid


class SaasFilesEnumerateQueryData(BaseModel):
    saas_files: Optional[list[Optional[SaasFileV2]]] = Field(..., alias="saas_files")

    class Config:
        smart_union = True
        extra = Extra.forbid


def query(query_func: Callable, **kwargs) -> SaasFilesEnumerateQueryData:
    """
    This is a convenience function which queries and parses the data into
    concrete types. It should be compatible with most GQL clients.
    You do not have to use it to consume the generated data classes.
    Alternatively, you can also mime and alternate the behavior
    of this function in the caller.

    Parameters:
        query_func (Callable): Function which queries your GQL Server
        kwargs: optional arguments that will be passed to the query function

    Returns:
        SaasFilesEnumerateQueryData: queried data parsed into generated classes
    """
    raw_data: dict[Any, Any] = query_func(DEFINITION, kwargs)
    return SaasFilesEnumerateQueryData(**raw_data)
