"""
Generated by qenerate plugin=pydantic_v1. DO NOT MODIFY MANUALLY!
"""
from typing import Optional, Union  # noqa: F401 # pylint: disable=W0611

from pydantic import (  # noqa: F401 # pylint: disable=W0611
    BaseModel,
    Extra,
    Field,
    Json,
)


def query_string() -> str:
    with open("tests/queries/difficult_attribute_name.gql", "r") as f:
        return f.read()


class ClusterV1(BaseModel):
    elb_fqdn: str = Field(..., alias="elbFQDN")

    class Config:
        smart_union = True
        extra = Extra.forbid


class AppInterfaceSettingsV1(BaseModel):
    push_gateway_cluster: Optional[ClusterV1] = Field(..., alias="pushGatewayCluster")

    class Config:
        smart_union = True
        extra = Extra.forbid


class DifficultAttributeNameQuery(BaseModel):
    app_interface_settings_v1: Optional[list[AppInterfaceSettingsV1]] = Field(..., alias="app_interface_settings_v1")

    class Config:
        smart_union = True
        extra = Extra.forbid
